#
# A fatal error has been detected by the Java Runtime Environment:
#
#  EXCEPTION_ACCESS_VIOLATION (0xc0000005) at pc=0x00007ff8b60897e6, pid=31148, tid=32208
#
# JRE version: Java(TM) SE Runtime Environment (18.0.2.1+1) (build 18.0.2.1+1-1)
# Java VM: Java HotSpot(TM) 64-Bit Server VM (18.0.2.1+1-1, mixed mode, sharing, tiered, compressed oops, compressed class ptrs, g1 gc, windows-amd64)
# Problematic frame:
# C  0x00007ff8b60897e6
#
# No core dump will be written. Minidumps are not enabled by default on client versions of Windows
#
# If you would like to submit a bug report, please visit:
#   https://bugreport.java.com/bugreport/crash.jsp
# The crash happened outside the Java Virtual Machine in native code.
# See problematic frame for where to report the bug.
#

---------------  S U M M A R Y ------------

Command Line: -javaagent:C:\Program Files\JetBrains\IntelliJ IDEA 2024.3.5\lib\idea_rt.jar=57115 -Dfile.encoding=UTF-8 -Dsun.stdout.encoding=UTF-8 -Dsun.stderr.encoding=UTF-8 --module-path=C:\Users\Ozzi\.m2\repository\org\openjfx\javafx-controls\17.0.6\javafx-controls-17.0.6-win.jar;C:\Users\Ozzi\.m2\repository\org\bytedeco\javacpp\1.5.10\javacpp-1.5.10.jar;C:\Users\Ozzi\.m2\repository\org\projectlombok\lombok\1.18.36\lombok-1.18.36.jar;C:\Users\Ozzi\.m2\repository\org\tensorflow\tensorflow-core-native\1.0.0\tensorflow-core-native-1.0.0.jar;C:\Users\Ozzi\.m2\repository\org\openjfx\javafx-graphics\17.0.6\javafx-graphics-17.0.6-win.jar;C:\Users\Ozzi\.m2\repository\ai\djl\api\0.33.0\api-0.33.0.jar;C:\Users\Ozzi\.m2\repository\org\tensorflow\tensorflow-core-api\1.0.0\tensorflow-core-api-1.0.0.jar;C:\Users\Ozzi\.m2\repository\org\openjfx\javafx-base\17.0.6\javafx-base-17.0.6-win.jar;C:\Users\Ozzi\.m2\repository\org\openjfx\javafx-fxml\17.0.6\javafx-fxml-17.0.6-win.jar;C:\Users\Ozzi\.m2\repository\org\tensorflow\ndarray\1.0.0\ndarray-1.0.0.jar;C:\Users\Ozzi\.m2\repository\com\google\protobuf\protobuf-java\3.21.9\protobuf-java-3.21.9.jar;F:\Documents\GitHub\Hex\target\classes -Djdk.module.main=com.example.hex com.example.hex/com.hex.algorithms.dqn.Driver

Host: AMD Ryzen 7 9800X3D 8-Core Processor           , 16 cores, 31G,  Windows 11 , 64 bit Build 26100 (10.0.26100.4202)
Time: Thu Jun 19 16:50:16 2025 Romance Summer Time elapsed time: 5.031410 seconds (0d 0h 0m 5s)

---------------  T H R E A D  ---------------

Current thread (0x0000018e07ee7ee0):  JavaThread "main" [_thread_in_native, id=32208, stack(0x00000031cc300000,0x00000031cc400000)]

Stack: [0x00000031cc300000,0x00000031cc400000],  sp=0x00000031cc3feca0,  free space=1019k
Native frames: (J=compiled Java code, j=interpreted, Vv=VM code, C=native code)
C  0x00007ff8b60897e6

Java frames: (J=compiled Java code, j=interpreted, Vv=VM code)
j  org.tensorflow.internal.c_api.global.tensorflow.TF_SessionRun(Lorg/tensorflow/internal/c_api/TF_Session;Lorg/tensorflow/internal/c_api/TF_Buffer;Lorg/tensorflow/internal/c_api/TF_Output;Lorg/bytedeco/javacpp/PointerPointer;ILorg/tensorflow/internal/c_api/TF_Output;Lorg/bytedeco/javacpp/PointerPointer;ILorg/bytedeco/javacpp/PointerPointer;ILorg/tensorflow/internal/c_api/TF_Buffer;Lorg/tensorflow/internal/c_api/TF_Status;)V+0 tensorflow.nativelib@1.0.0
j  ai.djl.tensorflow.engine.javacpp.JavacppUtils.runSession(Lorg/tensorflow/internal/c_api/TF_Session;Lorg/tensorflow/proto/RunOptions;[Lorg/tensorflow/internal/c_api/TF_Tensor;[Lorg/tensorflow/internal/c_api/TF_Operation;[I[Lorg/tensorflow/internal/c_api/TF_Operation;[I[Lorg/tensorflow/internal/c_api/TF_Operation;)[Lorg/tensorflow/internal/c_api/TF_Tensor;+270
j  ai.djl.tensorflow.engine.TfSymbolBlock.forwardInternal(Lai/djl/training/ParameterStore;Lai/djl/ndarray/NDList;ZLai/djl/util/PairList;)Lai/djl/ndarray/NDList;+202
j  ai.djl.nn.AbstractBaseBlock.forward(Lai/djl/training/ParameterStore;Lai/djl/ndarray/NDList;ZLai/djl/util/PairList;)Lai/djl/ndarray/NDList;+36 ai.djl.api@0.33.0
j  ai.djl.nn.Block.forward(Lai/djl/training/ParameterStore;Lai/djl/ndarray/NDList;Z)Lai/djl/ndarray/NDList;+5 ai.djl.api@0.33.0
j  ai.djl.inference.Predictor.predictInternal(Lai/djl/translate/TranslatorContext;Lai/djl/ndarray/NDList;)Lai/djl/ndarray/NDList;+36 ai.djl.api@0.33.0
j  ai.djl.inference.Predictor.batchPredict(Ljava/util/List;)Ljava/util/List;+133 ai.djl.api@0.33.0
j  ai.djl.inference.Predictor.predict(Ljava/lang/Object;)Ljava/lang/Object;+5 ai.djl.api@0.33.0
j  com.hex.algorithms.dqn.Driver.main([Ljava/lang/String;)V+184 com.example.hex
v  ~StubRoutines::call_stub

siginfo: EXCEPTION_ACCESS_VIOLATION (0xc0000005), reading address 0x0000000000000000


Register to memory mapping:

RIP=0x00007ff8b60897e6 points into unknown readable memory: 48 8b
RAX=0x0000ce9ebd98017b is an unknown value
RBX=0x0000018e017bd130 points into unknown readable memory: 0x0061002e006c0000 | 00 00 6c 00 2e 00 61 00
RCX=0x00000031cc3fecf0 is pointing into the stack for thread: 0x0000018e07ee7ee0
RDX=0x0 is NULL
RSP=0x00000031cc3feca0 is pointing into the stack for thread: 0x0000018e07ee7ee0
RBP=0x00000031cc3feda9 is pointing into the stack for thread: 0x0000018e07ee7ee0
RSI=0x0 is NULL
RDI=0x00000031cc3fee58 is pointing into the stack for thread: 0x0000018e07ee7ee0
R8 =0x0000018e017bd130 points into unknown readable memory: 0x0061002e006c0000 | 00 00 6c 00 2e 00 61 00
R9 =0x000000000000003a is an unknown value
R10=0x0 is NULL
R11=0x00000031cc3fed60 is pointing into the stack for thread: 0x0000018e07ee7ee0
R12=0x0000000000000002 is an unknown value
R13=0x0000000000000001 is an unknown value
R14=0x00000031cc3feee0 is pointing into the stack for thread: 0x0000018e07ee7ee0
R15=0x0000018e01d83aa0 points into unknown readable memory: 0x0000000000000000 | 00 00 00 00 00 00 00 00


Registers:
RAX=0x0000ce9ebd98017b, RBX=0x0000018e017bd130, RCX=0x00000031cc3fecf0, RDX=0x0000000000000000
RSP=0x00000031cc3feca0, RBP=0x00000031cc3feda9, RSI=0x0000000000000000, RDI=0x00000031cc3fee58
R8 =0x0000018e017bd130, R9 =0x000000000000003a, R10=0x0000000000000000, R11=0x00000031cc3fed60
R12=0x0000000000000002, R13=0x0000000000000001, R14=0x00000031cc3feee0, R15=0x0000018e01d83aa0
RIP=0x00007ff8b60897e6, EFLAGS=0x0000000000010206

Top of Stack: (sp=0x00000031cc3feca0)
0x00000031cc3feca0:   0000018e07ee83b0 00007ff921a1c388
0x00000031cc3fecb0:   00000031cc3feed0 00007ff921930000
0x00000031cc3fecc0:   0000018e017bd130 00007ff8ac3b7b1d
0x00000031cc3fecd0:   00000000ffffffff 00007ff921f09950
0x00000031cc3fece0:   00000031cc3fefd0 0000018e0f81af78
0x00000031cc3fecf0:   00000031cc3fee58 0000018e07ee7ee0
0x00000031cc3fed00:   00000031cc3feed0 00007ff921cd06de
0x00000031cc3fed10:   00000031cc3fefd0 0000000000000400
0x00000031cc3fed20:   00000000ffffffff 00007ff921c9cc44
0x00000031cc3fed30:   0000018e35b6a660 0000018e07ee7ee0
0x00000031cc3fed40:   00007ff922194028 0000000000000000
0x00000031cc3fed50:   0000003100000007 0000018e0f81af78
0x00000031cc3fed60:   0000000000000000 0000000000000080
0x00000031cc3fed70:   0000000000000001 0000000000000002
0x00000031cc3fed80:   00007ff9b03d88b0 00007ff9b02b0139
0x00000031cc3fed90:   0000003100000007 0000000000000080 

Instructions: (pc=0x00007ff8b60897e6)
0x00007ff8b60896e6:   24 38 33 f6 ff 50 20 48 85 c0 7e 3b 0f b6 03 24
0x00007ff8b60896f6:   03 3c 01 75 1d 48 8b 4b 10 48 85 c9 74 14 ff 15
0x00007ff8b6089706:   fe 47 83 00 c5 f9 ef c0 33 c0 c5 f8 11 03 48 89
0x00007ff8b6089716:   43 10 48 8b 07 48 8b cf 48 ff c6 48 83 c3 18 ff
0x00007ff8b6089726:   50 20 48 3b f0 7c c5 48 8b 74 24 38 48 8b 5c 24
0x00007ff8b6089736:   30 48 8b 07 ba 01 00 00 00 48 8b cf 48 83 c4 20
0x00007ff8b6089746:   5f 48 ff 60 50 cc cc cc cc cc 40 53 48 83 ec 20
0x00007ff8b6089756:   48 83 c1 08 41 b1 01 41 b8 03 00 00 00 48 8b da
0x00007ff8b6089766:   e8 c5 c0 24 00 48 8b c3 48 83 c4 20 5b c3 cc cc
0x00007ff8b6089776:   cc cc cc cc cc cc cc cc cc cc 48 89 5c 24 08 48
0x00007ff8b6089786:   89 74 24 10 57 48 83 ec 20 48 8b fa 48 8b f1 b9
0x00007ff8b6089796:   08 00 00 00 e8 c5 e3 63 00 48 8b d8 48 89 44 24
0x00007ff8b60897a6:   40 48 85 c0 74 21 48 8b d7 48 8b ce e8 59 00 00
0x00007ff8b60897b6:   00 48 89 03 48 8b c3 48 8b 5c 24 30 48 8b 74 24
0x00007ff8b60897c6:   38 48 83 c4 20 5f c3 33 c0 48 8b 5c 24 30 48 8b
0x00007ff8b60897d6:   74 24 38 48 83 c4 20 5f c3 cc 40 53 48 83 ec 20
0x00007ff8b60897e6:   48 8b 12 49 8b c0 48 83 c2 08 48 8b d9 4c 8b c2
0x00007ff8b60897f6:   48 8b c8 e8 f2 32 2f f6 48 8b c3 48 c7 03 00 00
0x00007ff8b6089806:   00 00 48 83 c4 20 5b c3 cc cc 48 89 5c 24 18 55
0x00007ff8b6089816:   56 57 48 8d 6c 24 b9 48 81 ec c0 00 00 00 48 8b
0x00007ff8b6089826:   05 7d 79 9a 03 48 33 c4 48 89 45 37 48 8b f2 48
0x00007ff8b6089836:   8b d9 48 8b 0a 33 ff 48 85 c9 74 1a 48 89 3a 48
0x00007ff8b6089846:   c7 45 a7 36 00 00 00 0f b6 c1 f6 d0 a8 01 75 06
0x00007ff8b6089856:   e8 95 c8 60 00 90 48 8b cb e8 ec a4 24 00 84 c0
0x00007ff8b6089866:   0f 85 e5 00 00 00 48 8d 05 bd fc 15 02 48 89 45
0x00007ff8b6089876:   07 48 c7 45 0f 33 00 00 00 48 8d 55 07 48 8d 4d
0x00007ff8b6089886:   c7 e8 d4 0c 61 f6 90 48 8b 48 10 48 83 78 18 10
0x00007ff8b6089896:   72 03 48 8b 00 48 89 45 b7 48 89 4d bf c5 f8 10
0x00007ff8b60898a6:   45 b7 c5 f9 7f 45 b7 4c 8d 45 b7 ba 09 00 00 00
0x00007ff8b60898b6:   48 8d 4d a7 e8 11 9d 60 00 90 48 8b 55 df 48 83
0x00007ff8b60898c6:   fa 10 72 34 48 ff c2 48 8b 4d c7 48 8b c1 48 81
0x00007ff8b60898d6:   fa 00 10 00 00 72 1c 48 83 c2 27 48 8b 49 f8 48 


Stack slot to memory mapping:
stack at sp + 0 slots: 0x0000018e07ee83b0 points into unknown readable memory: 0x00007ff92219caa0 | a0 ca 19 22 f9 7f 00 00
stack at sp + 1 slots: 0x00007ff921a1c388 jvm.dll
stack at sp + 2 slots: 0x00000031cc3feed0 is pointing into the stack for thread: 0x0000018e07ee7ee0
stack at sp + 3 slots: 0x00007ff921930000 jvm.dll
stack at sp + 4 slots: 0x0000018e017bd130 points into unknown readable memory: 0x0061002e006c0000 | 00 00 6c 00 2e 00 61 00
stack at sp + 5 slots: 0x00007ff8ac3b7b1d points into unknown readable memory: 90 48 8b
stack at sp + 6 slots: 0x00000000ffffffff is an unknown value
stack at sp + 7 slots: 0x00007ff921f09950 jvm.dll


---------------  P R O C E S S  ---------------

Threads class SMR info:
_java_thread_list=0x0000018e00e6f5f0, length=23, elements={
0x0000018e07ee7ee0, 0x0000018e31a7c480, 0x0000018e31a7d4b0, 0x0000018e38c086e0,
0x0000018e38c08ba0, 0x0000018e38c09bd0, 0x0000018e38c0ec10, 0x0000018e38c15480,
0x0000018e38c16540, 0x0000018e38c1d480, 0x0000018e31a66500, 0x0000018e3995bcc0,
0x0000018e398a88f0, 0x0000018e39675040, 0x0000018e39b93a90, 0x0000018e39a20cf0,
0x0000018e39859690, 0x0000018e39de3840, 0x0000018e39b6e4c0, 0x0000018e39b6e9d0,
0x0000018e39b6f3f0, 0x0000018e39de2500, 0x0000018e39de29d0
}

Java Threads: ( => current thread )
=>0x0000018e07ee7ee0 JavaThread "main" [_thread_in_native, id=32208, stack(0x00000031cc300000,0x00000031cc400000)]
  0x0000018e31a7c480 JavaThread "Reference Handler" daemon [_thread_blocked, id=26064, stack(0x00000031cca00000,0x00000031ccb00000)]
  0x0000018e31a7d4b0 JavaThread "Finalizer" daemon [_thread_blocked, id=26808, stack(0x00000031ccb00000,0x00000031ccc00000)]
  0x0000018e38c086e0 JavaThread "Signal Dispatcher" daemon [_thread_blocked, id=35984, stack(0x00000031ccc00000,0x00000031ccd00000)]
  0x0000018e38c08ba0 JavaThread "Attach Listener" daemon [_thread_blocked, id=31144, stack(0x00000031ccd00000,0x00000031cce00000)]
  0x0000018e38c09bd0 JavaThread "Service Thread" daemon [_thread_blocked, id=37768, stack(0x00000031cce00000,0x00000031ccf00000)]
  0x0000018e38c0ec10 JavaThread "Monitor Deflation Thread" daemon [_thread_blocked, id=14644, stack(0x00000031ccf00000,0x00000031cd000000)]
  0x0000018e38c15480 JavaThread "C2 CompilerThread0" daemon [_thread_blocked, id=38632, stack(0x00000031cd000000,0x00000031cd100000)]
  0x0000018e38c16540 JavaThread "C1 CompilerThread0" daemon [_thread_blocked, id=24992, stack(0x00000031cd100000,0x00000031cd200000)]
  0x0000018e38c1d480 JavaThread "Sweeper thread" daemon [_thread_blocked, id=37512, stack(0x00000031cd200000,0x00000031cd300000)]
  0x0000018e31a66500 JavaThread "Common-Cleaner" daemon [_thread_blocked, id=35792, stack(0x00000031cd500000,0x00000031cd600000)]
  0x0000018e3995bcc0 JavaThread "Monitor Ctrl-Break" daemon [_thread_in_native, id=4496, stack(0x00000031cdd00000,0x00000031cde00000)]
  0x0000018e398a88f0 JavaThread "Notification Thread" daemon [_thread_blocked, id=17164, stack(0x00000031cde00000,0x00000031cdf00000)]
  0x0000018e39675040 JavaThread "RMI TCP Accept-0" daemon [_thread_in_native, id=34288, stack(0x00000031ce100000,0x00000031ce200000)]
  0x0000018e39b93a90 JavaThread "RMI TCP Connection(1)-169.254.222.254" daemon [_thread_in_native, id=15796, stack(0x00000031ce200000,0x00000031ce300000)]
  0x0000018e39a20cf0 JavaThread "RMI Scheduler(0)" daemon [_thread_blocked, id=27492, stack(0x00000031ce300000,0x00000031ce400000)]
  0x0000018e39859690 JavaThread "JMX server connection timeout 28" daemon [_thread_blocked, id=30200, stack(0x00000031ce400000,0x00000031ce500000)]
  0x0000018e39de3840 JavaThread "JNA Cleaner" daemon [_thread_blocked, id=38144, stack(0x00000031cd300000,0x00000031cd400000)]
  0x0000018e39b6e4c0 JavaThread "C1 CompilerThread1" daemon [_thread_blocked, id=32368, stack(0x00000031cd700000,0x00000031cd800000)]
  0x0000018e39b6e9d0 JavaThread "C1 CompilerThread2" daemon [_thread_blocked, id=30008, stack(0x00000031cd800000,0x00000031cd900000)]
  0x0000018e39b6f3f0 JavaThread "C1 CompilerThread3" daemon [_thread_blocked, id=15348, stack(0x00000031cd900000,0x00000031cda00000)]
  0x0000018e39de2500 JavaThread "Keep-Alive-Timer" daemon [_thread_blocked, id=16852, stack(0x00000031cdb00000,0x00000031cdc00000)]
  0x0000018e39de29d0 JavaThread "JavaCPP Deallocator" daemon [_thread_blocked, id=2452, stack(0x00000031cdc00000,0x00000031cdd00000)]

Other Threads:
  0x0000018e07f7c600 VMThread "VM Thread" [stack: 0x00000031cc900000,0x00000031cca00000] [id=18076]
  0x0000018e396fd260 WatcherThread "VM Periodic Task Thread" [stack: 0x00000031cdf00000,0x00000031ce000000] [id=15536]
  0x0000018e07f59400 WorkerThread "GC Thread#0" [stack: 0x00000031cc400000,0x00000031cc500000] [id=7328]
  0x0000018e39bc8380 WorkerThread "GC Thread#1" [stack: 0x00000031ce500000,0x00000031ce600000] [id=15992]
  0x0000018e399cfc40 WorkerThread "GC Thread#2" [stack: 0x00000031ce600000,0x00000031ce700000] [id=32196]
  0x0000018e399cfee0 WorkerThread "GC Thread#3" [stack: 0x00000031ce700000,0x00000031ce800000] [id=25572]
  0x0000018e399d0180 WorkerThread "GC Thread#4" [stack: 0x00000031ce800000,0x00000031ce900000] [id=26692]
  0x0000018e399d0420 WorkerThread "GC Thread#5" [stack: 0x00000031ce900000,0x00000031cea00000] [id=14352]
  0x0000018e399d06c0 WorkerThread "GC Thread#6" [stack: 0x00000031cea00000,0x00000031ceb00000] [id=30152]
  0x0000018e399c74a0 WorkerThread "GC Thread#7" [stack: 0x00000031ceb00000,0x00000031cec00000] [id=17756]
  0x0000018e399c7740 WorkerThread "GC Thread#8" [stack: 0x00000031cec00000,0x00000031ced00000] [id=35320]
  0x0000018e399c79e0 WorkerThread "GC Thread#9" [stack: 0x00000031ced00000,0x00000031cee00000] [id=33760]
  0x0000018e399c7c80 WorkerThread "GC Thread#10" [stack: 0x00000031cee00000,0x00000031cef00000] [id=5624]
  0x0000018e399c9f30 WorkerThread "GC Thread#11" [stack: 0x00000031cef00000,0x00000031cf000000] [id=24316]
  0x0000018e39dc6780 WorkerThread "GC Thread#12" [stack: 0x00000031cf100000,0x00000031cf200000] [id=36024]
  0x0000018e07f69a50 ConcurrentGCThread "G1 Main Marker" [stack: 0x00000031cc500000,0x00000031cc600000] [id=36660]
  0x0000018e07f6af20 WorkerThread "G1 Conc#0" [stack: 0x00000031cc600000,0x00000031cc700000] [id=29304]
  0x0000018e39dc5d00 WorkerThread "G1 Conc#1" [stack: 0x00000031cd600000,0x00000031cd700000] [id=28148]
  0x0000018e39dc6240 WorkerThread "G1 Conc#2" [stack: 0x00000031cda00000,0x00000031cdb00000] [id=30028]
  0x0000018e07f9e5e0 ConcurrentGCThread "G1 Refine#0" [stack: 0x00000031cc700000,0x00000031cc800000] [id=38096]
  0x0000018e07f9ea10 ConcurrentGCThread "G1 Service" [stack: 0x00000031cc800000,0x00000031cc900000] [id=34932]

Threads with active compile tasks:

VM state: not at safepoint (normal execution)

VM Mutex/Monitor currently owned by a thread: None

Heap address: 0x000000060dc00000, size: 7972 MB, Compressed Oops mode: Zero based, Oop shift amount: 3

CDS archive(s) mapped at: [0x0000000800000000-0x0000000800ba0000-0x0000000800ba0000), size 12189696, SharedBaseAddress: 0x0000000800000000, ArchiveRelocationMode: 0.
Compressed class space mapped at: 0x0000000800c00000-0x0000000840c00000, reserved size: 1073741824
Narrow klass base: 0x0000000800000000, Narrow klass shift: 0, Narrow klass range: 0x100000000

GC Precious Log:
 CardTable entry size: 512
 Card Set container configuration: InlinePtr #cards 4 size 8 Array Of Cards #cards 32 size 80 Howl #buckets 8 coarsen threshold 7372 Howl Bitmap #cards 1024 size 144 coarsen threshold 921 Card regions per heap region 1 cards per card region 8192
 CPUs: 16 total, 16 available
 Memory: 31887M
 Large Page Support: Disabled
 NUMA Support: Disabled
 Compressed Oops: Enabled (Zero based)
 Heap Region Size: 4M
 Heap Min Capacity: 8M
 Heap Initial Capacity: 500M
 Heap Max Capacity: 7972M
 Pre-touch: Disabled
 Parallel Workers: 13
 Concurrent Workers: 3
 Concurrent Refinement Workers: 13
 Periodic GC: Disabled

Heap:
 garbage-first heap   total 69632K, used 10141K [0x000000060dc00000, 0x0000000800000000)
  region size 4096K, 3 young (12288K), 2 survivors (8192K)
 Metaspace       used 21399K, committed 21760K, reserved 1114112K
  class space    used 2196K, committed 2368K, reserved 1048576K

Heap Regions: E=young(eden), S=young(survivor), O=old, HS=humongous(starts), HC=humongous(continues), CS=collection set, F=free, OA=open archive, CA=closed archive, TAMS=top-at-mark-start (previous, next)
|   0|0x000000060dc00000, 0x000000060e000000, 0x000000060e000000|100%| O|  |TAMS 0x000000060e000000, 0x000000060dc00000| Untracked 
|   1|0x000000060e000000, 0x000000060e163c00, 0x000000060e400000| 34%| O|  |TAMS 0x000000060e163c00, 0x000000060e000000| Complete 
|   2|0x000000060e400000, 0x000000060e400000, 0x000000060e800000|  0%| F|  |TAMS 0x000000060e400000, 0x000000060e400000| Untracked 
|   3|0x000000060e800000, 0x000000060e800000, 0x000000060ec00000|  0%| F|  |TAMS 0x000000060e800000, 0x000000060e800000| Untracked 
|   4|0x000000060ec00000, 0x000000060ec00000, 0x000000060f000000|  0%| F|  |TAMS 0x000000060ec00000, 0x000000060ec00000| Untracked 
|   5|0x000000060f000000, 0x000000060f000000, 0x000000060f400000|  0%| F|  |TAMS 0x000000060f000000, 0x000000060f000000| Untracked 
|   6|0x000000060f400000, 0x000000060f400000, 0x000000060f800000|  0%| F|  |TAMS 0x000000060f400000, 0x000000060f400000| Untracked 
|   7|0x000000060f800000, 0x000000060f800000, 0x000000060fc00000|  0%| F|  |TAMS 0x000000060f800000, 0x000000060f800000| Untracked 
|   8|0x000000060fc00000, 0x000000060fc00000, 0x0000000610000000|  0%| F|  |TAMS 0x000000060fc00000, 0x000000060fc00000| Untracked 
|   9|0x0000000610000000, 0x0000000610000000, 0x0000000610400000|  0%| F|  |TAMS 0x0000000610000000, 0x0000000610000000| Untracked 
|  10|0x0000000610400000, 0x0000000610400000, 0x0000000610800000|  0%| F|  |TAMS 0x0000000610400000, 0x0000000610400000| Untracked 
|  11|0x0000000610800000, 0x0000000610800000, 0x0000000610c00000|  0%| F|  |TAMS 0x0000000610800000, 0x0000000610800000| Untracked 
|  12|0x0000000610c00000, 0x0000000610c00000, 0x0000000611000000|  0%| F|  |TAMS 0x0000000610c00000, 0x0000000610c00000| Untracked 
|  13|0x0000000611000000, 0x0000000611000000, 0x0000000611400000|  0%| F|  |TAMS 0x0000000611000000, 0x0000000611000000| Untracked 
| 113|0x000000062a000000, 0x000000062a0839a8, 0x000000062a400000| 12%| S|CS|TAMS 0x000000062a000000, 0x000000062a000000| Complete 
| 114|0x000000062a400000, 0x000000062a800000, 0x000000062a800000|100%| S|CS|TAMS 0x000000062a400000, 0x000000062a400000| Complete 
| 124|0x000000062cc00000, 0x000000062cdf6898, 0x000000062d000000| 49%| E|  |TAMS 0x000000062cc00000, 0x000000062cc00000| Complete 

Card table byte_map: [0x0000018e20030000,0x0000018e20fd0000] _byte_map_base: 0x0000018e1cfc2000

Marking Bits (Prev, Next): (CMBitMap*) 0x0000018e07f59850, (CMBitMap*) 0x0000018e07f59810
 Prev Bits: [0x0000018e29c00000, 0x0000018e31890000)
 Next Bits: [0x0000018e21f70000, 0x0000018e29c00000)

Polling page: 0x0000018e05e50000

Metaspace:

Usage:
  Non-class:     18.75 MB used.
      Class:      2.14 MB used.
       Both:     20.90 MB used.

Virtual space:
  Non-class space:       64.00 MB reserved,      18.94 MB ( 30%) committed,  1 nodes.
      Class space:        1.00 GB reserved,       2.31 MB ( <1%) committed,  1 nodes.
             Both:        1.06 GB reserved,      21.25 MB (  2%) committed. 

Chunk freelists:
   Non-Class:  880.00 KB
       Class:  1.61 MB
        Both:  2.47 MB

MaxMetaspaceSize: unlimited
CompressedClassSpaceSize: 1.00 GB
Initial GC threshold: 21.00 MB
Current GC threshold: 35.12 MB
CDS: on
MetaspaceReclaimPolicy: balanced
 - commit_granule_bytes: 65536.
 - commit_granule_words: 8192.
 - virtual_space_node_default_size: 8388608.
 - enlarge_chunks_in_place: 1.
 - new_chunks_are_fully_committed: 0.
 - uncommit_free_chunks: 1.
 - use_allocation_guard: 0.


Internal statistics:

num_allocs_failed_limit: 3.
num_arena_births: 296.
num_arena_deaths: 0.
num_vsnodes_births: 2.
num_vsnodes_deaths: 0.
num_space_committed: 340.
num_space_uncommitted: 0.
num_chunks_returned_to_freelist: 3.
num_chunks_taken_from_freelist: 692.
num_chunk_merges: 0.
num_chunk_splits: 485.
num_chunks_enlarged: 361.
num_inconsistent_stats: 0.

CodeHeap 'non-profiled nmethods': size=119168Kb used=1281Kb max_used=1281Kb free=117887Kb
 bounds [0x0000018e173b0000, 0x0000018e17620000, 0x0000018e1e810000]
CodeHeap 'profiled nmethods': size=119104Kb used=6174Kb max_used=6174Kb free=112929Kb
 bounds [0x0000018e0ff60000, 0x0000018e10570000, 0x0000018e173b0000]
CodeHeap 'non-nmethods': size=7488Kb used=2986Kb max_used=3016Kb free=4501Kb
 bounds [0x0000018e0f810000, 0x0000018e0fb10000, 0x0000018e0ff60000]
 total_blobs=3558 nmethods=2968 adapters=499
 compilation: enabled
              stopped_count=0, restarted_count=0
 full_count=0

Compilation events (20 events):
Event: 5.000 Thread 0x0000018e39b6e9d0 nmethod 2951 0x0000018e1054e090 code [0x0000018e1054eb40, 0x0000018e105568c8]
Event: 5.012 Thread 0x0000018e39b6e9d0 2957       3       java.util.ArrayDeque::sub (14 bytes)
Event: 5.012 Thread 0x0000018e39b6e9d0 nmethod 2957 0x0000018e1055bd10 code [0x0000018e1055bea0, 0x0000018e1055bfd8]
Event: 5.012 Thread 0x0000018e38c15480 2958 %     4       java.net.URI$Parser::scan @ 3 (41 bytes)
Event: 5.013 Thread 0x0000018e38c15480 nmethod 2958% 0x0000018e174e5990 code [0x0000018e174e5b20, 0x0000018e174e5e88]
Event: 5.014 Thread 0x0000018e39b6e4c0 2959       3       java.util.ArrayDeque::size (17 bytes)
Event: 5.015 Thread 0x0000018e39b6e4c0 nmethod 2959 0x0000018e1055c090 code [0x0000018e1055c220, 0x0000018e1055c3d8]
Event: 5.015 Thread 0x0000018e38c15480 2960       4       java.lang.invoke.MethodType::makeImpl (109 bytes)
Event: 5.016 Thread 0x0000018e39b6e4c0 2962       3       java.io.File::<init> (196 bytes)
Event: 5.016 Thread 0x0000018e39b6e9d0 2963       3       java.net.URL::toURI (54 bytes)
Event: 5.016 Thread 0x0000018e39b6f3f0 2964       3       java.net.URI::getPath (31 bytes)
Event: 5.016 Thread 0x0000018e38c16540 2966       3       java.net.URI::decode (380 bytes)
Event: 5.016 Thread 0x0000018e39b6e4c0 nmethod 2962 0x0000018e1055c490 code [0x0000018e1055c780, 0x0000018e1055d648]
Event: 5.016 Thread 0x0000018e39b6f3f0 nmethod 2964 0x0000018e1055da90 code [0x0000018e1055dc40, 0x0000018e1055dec8]
Event: 5.016 Thread 0x0000018e39b6e4c0 2965       3       java.net.URI::decode (6 bytes)
Event: 5.016 Thread 0x0000018e39b6e4c0 nmethod 2965 0x0000018e1055df90 code [0x0000018e1055e120, 0x0000018e1055e248]
Event: 5.016 Thread 0x0000018e39b6e9d0 nmethod 2963 0x0000018e1055e310 code [0x0000018e1055e5e0, 0x0000018e1055f618]
Event: 5.017 Thread 0x0000018e39b6e9d0 2967       3       java.io.WinNTFileSystem::normalizePrefix (132 bytes)
Event: 5.017 Thread 0x0000018e39b6e9d0 nmethod 2967 0x0000018e1055fb90 code [0x0000018e1055ffa0, 0x0000018e105620c8]
Event: 5.018 Thread 0x0000018e38c16540 nmethod 2966 0x0000018e10562d10 code [0x0000018e10563320, 0x0000018e105667f8]

GC Heap History (6 events):
Event: 0.332 GC heap before
{Heap before GC invocations=0 (full 0):
 garbage-first heap   total 512000K, used 20480K [0x000000060dc00000, 0x0000000800000000)
  region size 4096K, 6 young (24576K), 0 survivors (0K)
 Metaspace       used 7303K, committed 7616K, reserved 1114112K
  class space    used 806K, committed 960K, reserved 1048576K
}
Event: 0.334 GC heap after
{Heap after GC invocations=1 (full 0):
 garbage-first heap   total 512000K, used 5422K [0x000000060dc00000, 0x0000000800000000)
  region size 4096K, 1 young (4096K), 1 survivors (4096K)
 Metaspace       used 7303K, committed 7616K, reserved 1114112K
  class space    used 806K, committed 960K, reserved 1048576K
}
Event: 4.617 GC heap before
{Heap before GC invocations=1 (full 0):
 garbage-first heap   total 512000K, used 34094K [0x000000060dc00000, 0x0000000800000000)
  region size 4096K, 8 young (32768K), 1 survivors (4096K)
 Metaspace       used 16703K, committed 16960K, reserved 1114112K
  class space    used 1739K, committed 1856K, reserved 1048576K
}
Event: 4.620 GC heap after
{Heap after GC invocations=2 (full 0):
 garbage-first heap   total 512000K, used 9084K [0x000000060dc00000, 0x0000000800000000)
  region size 4096K, 1 young (4096K), 1 survivors (4096K)
 Metaspace       used 16703K, committed 16960K, reserved 1114112K
  class space    used 1739K, committed 1856K, reserved 1048576K
}
Event: 5.001 GC heap before
{Heap before GC invocations=2 (full 0):
 garbage-first heap   total 512000K, used 41852K [0x000000060dc00000, 0x0000000800000000)
  region size 4096K, 10 young (40960K), 1 survivors (4096K)
 Metaspace       used 21225K, committed 21504K, reserved 1114112K
  class space    used 2172K, committed 2304K, reserved 1048576K
}
Event: 5.003 GC heap after
{Heap after GC invocations=3 (full 0):
 garbage-first heap   total 512000K, used 10141K [0x000000060dc00000, 0x0000000800000000)
  region size 4096K, 2 young (8192K), 2 survivors (8192K)
 Metaspace       used 21225K, committed 21504K, reserved 1114112K
  class space    used 2172K, committed 2304K, reserved 1048576K
}

Deoptimization events (20 events):
Event: 4.699 Thread 0x0000018e07ee7ee0 Uncommon trap: trap_request=0xffffff45 fr.pc=0x0000018e174aa7bc relative=0x000000000000031c
Event: 4.699 Thread 0x0000018e07ee7ee0 Uncommon trap: reason=unstable_if action=reinterpret pc=0x0000018e174aa7bc method=jdk.internal.loader.BuiltinClassLoader$1.hasNext()Z @ 4 c2
Event: 4.699 Thread 0x0000018e07ee7ee0 DEOPT PACKING pc=0x0000018e174aa7bc sp=0x00000031cc3fe070
Event: 4.699 Thread 0x0000018e07ee7ee0 DEOPT UNPACKING pc=0x0000018e0f865c23 sp=0x00000031cc3fdf60 mode 2
Event: 4.699 Thread 0x0000018e07ee7ee0 Uncommon trap: trap_request=0xffffff45 fr.pc=0x0000018e174a7240 relative=0x0000000000000100
Event: 4.699 Thread 0x0000018e07ee7ee0 Uncommon trap: reason=unstable_if action=reinterpret pc=0x0000018e174a7240 method=jdk.internal.loader.BuiltinClassLoader$1.hasNext()Z @ 4 c2
Event: 4.699 Thread 0x0000018e07ee7ee0 DEOPT PACKING pc=0x0000018e174a7240 sp=0x00000031cc3fe020
Event: 4.699 Thread 0x0000018e07ee7ee0 DEOPT UNPACKING pc=0x0000018e0f865c23 sp=0x00000031cc3fdf60 mode 2
Event: 4.699 Thread 0x0000018e07ee7ee0 Uncommon trap: trap_request=0xffffff45 fr.pc=0x0000018e174a6d40 relative=0x0000000000000100
Event: 4.699 Thread 0x0000018e07ee7ee0 Uncommon trap: reason=unstable_if action=reinterpret pc=0x0000018e174a6d40 method=jdk.internal.loader.BuiltinClassLoader$1.hasNext()Z @ 4 c2
Event: 4.699 Thread 0x0000018e07ee7ee0 DEOPT PACKING pc=0x0000018e174a6d40 sp=0x00000031cc3fdfb0
Event: 4.699 Thread 0x0000018e07ee7ee0 DEOPT UNPACKING pc=0x0000018e0f865c23 sp=0x00000031cc3fdf50 mode 2
Event: 4.700 Thread 0x0000018e07ee7ee0 Uncommon trap: trap_request=0xffffff45 fr.pc=0x0000018e174a06ec relative=0x000000000000138c
Event: 4.700 Thread 0x0000018e07ee7ee0 Uncommon trap: reason=unstable_if action=reinterpret pc=0x0000018e174a06ec method=jdk.internal.loader.URLClassPath$JarLoader.findResource(Ljava/lang/String;Z)Ljava/net/URL; @ 8 c2
Event: 4.700 Thread 0x0000018e07ee7ee0 DEOPT PACKING pc=0x0000018e174a06ec sp=0x00000031cc3fde40
Event: 4.700 Thread 0x0000018e07ee7ee0 DEOPT UNPACKING pc=0x0000018e0f865c23 sp=0x00000031cc3fde50 mode 2
Event: 5.014 Thread 0x0000018e07ee7ee0 Uncommon trap: trap_request=0xffffff45 fr.pc=0x0000018e17427c44 relative=0x0000000000000184
Event: 5.014 Thread 0x0000018e07ee7ee0 Uncommon trap: reason=unstable_if action=reinterpret pc=0x0000018e17427c44 method=java.lang.invoke.VarHandle.checkExactAccessMode(Ljava/lang/invoke/VarHandle$AccessDescriptor;)V @ 4 c2
Event: 5.014 Thread 0x0000018e07ee7ee0 DEOPT PACKING pc=0x0000018e17427c44 sp=0x00000031cc3ff280
Event: 5.014 Thread 0x0000018e07ee7ee0 DEOPT UNPACKING pc=0x0000018e0f865c23 sp=0x00000031cc3ff1c0 mode 2

Classes loaded (20 events):
Event: 4.999 Loading class java/util/stream/Node$Builder$OfInt done
Event: 4.999 Loading class java/util/stream/Nodes$IntArrayNode
Event: 4.999 Loading class java/util/stream/Nodes$IntArrayNode done
Event: 4.999 Loading class java/util/stream/Nodes$IntFixedNodeBuilder done
Event: 4.999 Loading class java/util/stream/ReferencePipeline$4$1
Event: 4.999 Loading class java/util/stream/ReferencePipeline$4$1 done
Event: 5.001 Loading class java/nio/HeapFloatBuffer
Event: 5.001 Loading class java/nio/HeapFloatBuffer done
Event: 5.003 Loading class java/nio/DirectFloatBufferU
Event: 5.003 Loading class java/nio/DirectFloatBufferU done
Event: 5.010 Loading class java/lang/ThreadLocal$SuppliedThreadLocal
Event: 5.010 Loading class java/lang/ThreadLocal$SuppliedThreadLocal done
Event: 5.010 Loading class java/nio/HeapLongBuffer
Event: 5.010 Loading class java/nio/HeapLongBuffer done
Event: 5.015 Loading class java/nio/BufferUnderflowException
Event: 5.015 Loading class java/nio/BufferUnderflowException done
Event: 5.015 Loading class java/util/zip/ZipOutputStream
Event: 5.015 Loading class java/util/zip/DeflaterOutputStream
Event: 5.015 Loading class java/util/zip/DeflaterOutputStream done
Event: 5.015 Loading class java/util/zip/ZipOutputStream done

Classes unloaded (0 events):
No events

Classes redefined (0 events):
No events

Internal exceptions (20 events):
Event: 4.733 Thread 0x0000018e07ee7ee0 Exception <a 'sun/nio/fs/WindowsException'{0x000000062be68c48}> (0x000000062be68c48) 
thrown [s\open\src\hotspot\share\prims\jni.cpp, line 516]
Event: 4.733 Thread 0x0000018e07ee7ee0 Exception <a 'sun/nio/fs/WindowsException'{0x000000062be6a308}> (0x000000062be6a308) 
thrown [s\open\src\hotspot\share\prims\jni.cpp, line 516]
Event: 4.733 Thread 0x0000018e07ee7ee0 Exception <a 'sun/nio/fs/WindowsException'{0x000000062be6ba68}> (0x000000062be6ba68) 
thrown [s\open\src\hotspot\share\prims\jni.cpp, line 516]
Event: 4.733 Thread 0x0000018e07ee7ee0 Exception <a 'sun/nio/fs/WindowsException'{0x000000062be6cc78}> (0x000000062be6cc78) 
thrown [s\open\src\hotspot\share\prims\jni.cpp, line 516]
Event: 4.733 Thread 0x0000018e07ee7ee0 Exception <a 'sun/nio/fs/WindowsException'{0x000000062be6ddf0}> (0x000000062be6ddf0) 
thrown [s\open\src\hotspot\share\prims\jni.cpp, line 516]
Event: 4.733 Thread 0x0000018e07ee7ee0 Exception <a 'sun/nio/fs/WindowsException'{0x000000062be6ee70}> (0x000000062be6ee70) 
thrown [s\open\src\hotspot\share\prims\jni.cpp, line 516]
Event: 4.733 Thread 0x0000018e07ee7ee0 Exception <a 'sun/nio/fs/WindowsException'{0x000000062be6fdd0}> (0x000000062be6fdd0) 
thrown [s\open\src\hotspot\share\prims\jni.cpp, line 516]
Event: 4.733 Thread 0x0000018e07ee7ee0 Exception <a 'sun/nio/fs/WindowsException'{0x000000062be70b48}> (0x000000062be70b48) 
thrown [s\open\src\hotspot\share\prims\jni.cpp, line 516]
Event: 4.733 Thread 0x0000018e07ee7ee0 Exception <a 'sun/nio/fs/WindowsException'{0x000000062beb8de0}> (0x000000062beb8de0) 
thrown [s\open\src\hotspot\share\prims\jni.cpp, line 516]
Event: 4.734 Thread 0x0000018e07ee7ee0 Exception <a 'sun/nio/fs/WindowsException'{0x000000062beba3e8}> (0x000000062beba3e8) 
thrown [s\open\src\hotspot\share\prims\jni.cpp, line 516]
Event: 4.734 Thread 0x0000018e07ee7ee0 Exception <a 'sun/nio/fs/WindowsException'{0x000000062bebba68}> (0x000000062bebba68) 
thrown [s\open\src\hotspot\share\prims\jni.cpp, line 516]
Event: 4.734 Thread 0x0000018e07ee7ee0 Exception <a 'sun/nio/fs/WindowsException'{0x000000062bebcc48}> (0x000000062bebcc48) 
thrown [s\open\src\hotspot\share\prims\jni.cpp, line 516]
Event: 4.756 Thread 0x0000018e07ee7ee0 Exception <a 'java/lang/NoSuchMethodError'{0x000000062b9940f0}: 'java.lang.Object java.lang.invoke.DirectMethodHandle$Holder.invokeStatic(java.lang.Object, java.lang.Object, int, java.lang.Object)'> (0x000000062b9940f0) 
thrown [s\open\src\hotspot\share\interpreter\linkResolver.cpp, line 759]
Event: 4.756 Thread 0x0000018e07ee7ee0 Exception <a 'java/lang/NoSuchMethodError'{0x000000062b997d60}: 'java.lang.Object java.lang.invoke.DirectMethodHandle$Holder.invokeStaticInit(java.lang.Object, java.lang.Object, int, java.lang.Object)'> (0x000000062b997d60) 
thrown [s\open\src\hotspot\share\interpreter\linkResolver.cpp, line 759]
Event: 4.756 Thread 0x0000018e07ee7ee0 Exception <a 'java/lang/NoSuchMethodError'{0x000000062b99e310}: 'java.lang.Object java.lang.invoke.DirectMethodHandle$Holder.newInvokeSpecial(java.lang.Object, java.lang.Object, int)'> (0x000000062b99e310) 
thrown [s\open\src\hotspot\share\interpreter\linkResolver.cpp, line 759]
Event: 4.757 Thread 0x0000018e07ee7ee0 Exception <a 'sun/nio/fs/WindowsException'{0x000000062b9b24e0}> (0x000000062b9b24e0) 
thrown [s\open\src\hotspot\share\prims\jni.cpp, line 516]
Event: 4.758 Thread 0x0000018e07ee7ee0 Exception <a 'sun/nio/fs/WindowsException'{0x000000062b9b6220}> (0x000000062b9b6220) 
thrown [s\open\src\hotspot\share\prims\jni.cpp, line 516]
Event: 4.758 Thread 0x0000018e07ee7ee0 Exception <a 'sun/nio/fs/WindowsException'{0x000000062b9b7c08}> (0x000000062b9b7c08) 
thrown [s\open\src\hotspot\share\prims\jni.cpp, line 516]
Event: 4.758 Thread 0x0000018e07ee7ee0 Exception <a 'sun/nio/fs/WindowsException'{0x000000062b9b7f08}> (0x000000062b9b7f08) 
thrown [s\open\src\hotspot\share\prims\jni.cpp, line 516]
Event: 4.997 Thread 0x0000018e07ee7ee0 Exception <a 'java/lang/NoSuchMethodError'{0x000000062a8635b0}: 'int java.lang.invoke.DirectMethodHandle$Holder.invokeStatic(java.lang.Object, long)'> (0x000000062a8635b0) 
thrown [s\open\src\hotspot\share\interpreter\linkResolver.cpp, line 759]

VM Operations (20 events):
Event: 4.309 Executing VM operation: HandshakeAllThreads
Event: 4.309 Executing VM operation: HandshakeAllThreads done
Event: 4.505 Executing VM operation: HandshakeAllThreads
Event: 4.505 Executing VM operation: HandshakeAllThreads done
Event: 4.505 Executing VM operation: Cleanup
Event: 4.505 Executing VM operation: Cleanup done
Event: 4.523 Executing VM operation: HandshakeAllThreads
Event: 4.523 Executing VM operation: HandshakeAllThreads done
Event: 4.527 Executing VM operation: HandshakeAllThreads
Event: 4.527 Executing VM operation: HandshakeAllThreads done
Event: 4.617 Executing VM operation: G1CollectForAllocation
Event: 4.620 Executing VM operation: G1CollectForAllocation done
Event: 4.901 Executing VM operation: HandshakeAllThreads
Event: 4.901 Executing VM operation: HandshakeAllThreads done
Event: 5.001 Executing VM operation: CollectForMetadataAllocation
Event: 5.003 Executing VM operation: CollectForMetadataAllocation done
Event: 5.006 Executing VM operation: G1Concurrent
Event: 5.007 Executing VM operation: G1Concurrent done
Event: 5.008 Executing VM operation: G1Concurrent
Event: 5.008 Executing VM operation: G1Concurrent done

Events (20 events):
Event: 4.648 Loaded shared library C:\Users\Ozzi\.djl.ai\tensorflow\2.16.1-cpu-win-x86_64\api-ms-win-core-memory-l1-1-0.dll
Event: 4.650 Loaded shared library C:\Users\Ozzi\.djl.ai\tensorflow\2.16.1-cpu-win-x86_64\api-ms-win-core-util-l1-1-0.dll
Event: 4.651 Loaded shared library C:\Users\Ozzi\.djl.ai\tensorflow\2.16.1-cpu-win-x86_64\api-ms-win-core-interlocked-l1-1-0.dll
Event: 4.653 Loaded shared library C:\Users\Ozzi\.djl.ai\tensorflow\2.16.1-cpu-win-x86_64\ucrtbase.dll
Event: 4.654 Loaded shared library C:\Users\Ozzi\.djl.ai\tensorflow\2.16.1-cpu-win-x86_64\vcruntime140.dll
Event: 4.655 Loaded shared library C:\Users\Ozzi\.djl.ai\tensorflow\2.16.1-cpu-win-x86_64\vcruntime140_1.dll
Event: 4.657 Loaded shared library C:\Users\Ozzi\.djl.ai\tensorflow\2.16.1-cpu-win-x86_64\msvcp140.dll
Event: 4.658 Loaded shared library C:\Windows\System32\msvcp140_1.dll
Event: 4.660 Loaded shared library C:\Users\Ozzi\.djl.ai\tensorflow\2.16.1-cpu-win-x86_64\concrt140.dll
Event: 4.661 Loaded shared library C:\Users\Ozzi\.djl.ai\tensorflow\2.16.1-cpu-win-x86_64\vcomp140.dll
Event: 4.674 Loaded shared library C:\Program Files\NVIDIA GPU Computing Toolkit\CUDA\v12.8\bin\curand64_10.dll
Event: 4.698 Loaded shared library C:\Windows\System32\msvcr120.dll
Event: 4.703 Loaded shared library C:\Users\Ozzi\.javacpp\cache\tensorflow-core-native-1.0.0-windows-x86_64.jar\org\tensorflow\internal\c_api\windows-x86_64\libiomp5md.dll
Event: 4.732 Loaded shared library C:\Users\Ozzi\.javacpp\cache\tensorflow-core-native-1.0.0-windows-x86_64.jar\org\tensorflow\internal\c_api\windows-x86_64\tensorflow.dll
Event: 4.735 Loaded shared library C:\Users\Ozzi\.javacpp\cache\tensorflow-core-native-1.0.0-windows-x86_64.jar\org\tensorflow\internal\c_api\windows-x86_64\jnitensorflow.dll
Event: 4.899 Thread 0x0000018e39b6d080 Thread exited: 0x0000018e39b6d080
Event: 4.899 Thread 0x0000018e39b6d590 Thread exited: 0x0000018e39b6d590
Event: 4.910 Thread 0x0000018e39b70320 Thread exited: 0x0000018e39b70320
Event: 4.911 Thread 0x0000018e39b6f900 Thread exited: 0x0000018e39b6f900
Event: 4.919 Thread 0x0000018e39b6dfb0 Thread exited: 0x0000018e39b6dfb0


Dynamic libraries:
0x00007ff795fc0000 - 0x00007ff795fd0000 	C:\Program Files\Java\jdk-18.0.2.1\bin\java.exe
0x00007ff9b2ca0000 - 0x00007ff9b2f05000 	C:\WINDOWS\SYSTEM32\ntdll.dll
0x00007ff9b12a0000 - 0x00007ff9b1369000 	C:\WINDOWS\System32\KERNEL32.DLL
0x00007ff9b03f0000 - 0x00007ff9b07d8000 	C:\WINDOWS\System32\KERNELBASE.dll
0x00007ff9b02a0000 - 0x00007ff9b03eb000 	C:\WINDOWS\System32\ucrtbase.dll
0x00007ff988ab0000 - 0x00007ff988aca000 	C:\Program Files\Java\jdk-18.0.2.1\bin\VCRUNTIME140.dll
0x00007ff987a80000 - 0x00007ff987a98000 	C:\Program Files\Java\jdk-18.0.2.1\bin\jli.dll
0x00007ff9b2ba0000 - 0x00007ff9b2c53000 	C:\WINDOWS\System32\ADVAPI32.dll
0x00007ff9b11f0000 - 0x00007ff9b1299000 	C:\WINDOWS\System32\msvcrt.dll
0x00007ff9b15b0000 - 0x00007ff9b1656000 	C:\WINDOWS\System32\sechost.dll
0x00007ff9b1050000 - 0x00007ff9b1165000 	C:\WINDOWS\System32\RPCRT4.dll
0x00007ff9b13e0000 - 0x00007ff9b15aa000 	C:\WINDOWS\System32\USER32.dll
0x00007ff979670000 - 0x00007ff97990a000 	C:\WINDOWS\WinSxS\amd64_microsoft.windows.common-controls_6595b64144ccf1df_6.0.26100.4202_none_3e0698d4e335f517\COMCTL32.dll
0x00007ff9b0960000 - 0x00007ff9b0987000 	C:\WINDOWS\System32\win32u.dll
0x00007ff9b0ac0000 - 0x00007ff9b0aeb000 	C:\WINDOWS\System32\GDI32.dll
0x00007ff9aff50000 - 0x00007ff9b0087000 	C:\WINDOWS\System32\gdi32full.dll
0x00007ff9b0990000 - 0x00007ff9b0a33000 	C:\WINDOWS\System32\msvcp_win.dll
0x00007ff9a7100000 - 0x00007ff9a710b000 	C:\WINDOWS\SYSTEM32\VERSION.dll
0x00007ff9b24f0000 - 0x00007ff9b2520000 	C:\WINDOWS\System32\IMM32.DLL
0x00007ff999770000 - 0x00007ff99977c000 	C:\Program Files\Java\jdk-18.0.2.1\bin\vcruntime140_1.dll
0x00007ff97caf0000 - 0x00007ff97cb7d000 	C:\Program Files\Java\jdk-18.0.2.1\bin\msvcp140.dll
0x00007ff921930000 - 0x00007ff922541000 	C:\Program Files\Java\jdk-18.0.2.1\bin\server\jvm.dll
0x00007ff9b0af0000 - 0x00007ff9b0af8000 	C:\WINDOWS\System32\PSAPI.DLL
0x00007ff9a42b0000 - 0x00007ff9a42e5000 	C:\WINDOWS\SYSTEM32\WINMM.dll
0x00007ff99bf20000 - 0x00007ff99bf2a000 	C:\WINDOWS\SYSTEM32\WSOCK32.dll
0x00007ff9b1170000 - 0x00007ff9b11e4000 	C:\WINDOWS\System32\WS2_32.dll
0x00007ff9aec90000 - 0x00007ff9aecab000 	C:\WINDOWS\SYSTEM32\kernel.appcore.dll
0x00007ff987a70000 - 0x00007ff987a7a000 	C:\Program Files\Java\jdk-18.0.2.1\bin\jimage.dll
0x00007ff9a62a0000 - 0x00007ff9a64e1000 	C:\WINDOWS\SYSTEM32\DBGHELP.DLL
0x00007ff9b1800000 - 0x00007ff9b1b85000 	C:\WINDOWS\System32\combase.dll
0x00007ff9b0b30000 - 0x00007ff9b0c11000 	C:\WINDOWS\System32\OLEAUT32.dll
0x00007ff989af0000 - 0x00007ff989b29000 	C:\WINDOWS\SYSTEM32\dbgcore.DLL
0x00007ff9afeb0000 - 0x00007ff9aff49000 	C:\WINDOWS\System32\bcryptPrimitives.dll
0x00007ff97dd00000 - 0x00007ff97dd0e000 	C:\Program Files\Java\jdk-18.0.2.1\bin\instrument.dll
0x00007ff9843c0000 - 0x00007ff9843e5000 	C:\Program Files\Java\jdk-18.0.2.1\bin\java.dll
0x00007ff96c830000 - 0x00007ff96c906000 	C:\Program Files\Java\jdk-18.0.2.1\bin\jsvml.dll
0x00007ff9b1be0000 - 0x00007ff9b2322000 	C:\WINDOWS\System32\SHELL32.dll
0x00007ff9b07e0000 - 0x00007ff9b0954000 	C:\WINDOWS\System32\wintypes.dll
0x00007ff9ada30000 - 0x00007ff9ae288000 	C:\WINDOWS\SYSTEM32\windows.storage.dll
0x00007ff9b1660000 - 0x00007ff9b1751000 	C:\WINDOWS\System32\SHCORE.dll
0x00007ff9b1370000 - 0x00007ff9b13da000 	C:\WINDOWS\System32\shlwapi.dll
0x00007ff9afd00000 - 0x00007ff9afd2f000 	C:\WINDOWS\SYSTEM32\profapi.dll
0x00007ff984ad0000 - 0x00007ff984ae3000 	C:\Program Files\Java\jdk-18.0.2.1\bin\net.dll
0x00007ff9a8e00000 - 0x00007ff9a8f1e000 	C:\WINDOWS\SYSTEM32\WINHTTP.dll
0x00007ff9af1e0000 - 0x00007ff9af24a000 	C:\WINDOWS\system32\mswsock.dll
0x00007ff9846e0000 - 0x00007ff9846f6000 	C:\Program Files\Java\jdk-18.0.2.1\bin\nio.dll
0x00007ff981f30000 - 0x00007ff981f48000 	C:\Program Files\Java\jdk-18.0.2.1\bin\zip.dll
0x00007ff9ae6a0000 - 0x00007ff9ae7c7000 	C:\WINDOWS\SYSTEM32\DNSAPI.dll
0x00007ff9ae610000 - 0x00007ff9ae643000 	C:\WINDOWS\SYSTEM32\IPHLPAPI.DLL
0x00007ff9b2330000 - 0x00007ff9b233a000 	C:\WINDOWS\System32\NSI.dll
0x00007ff9a7b10000 - 0x00007ff9a7b1b000 	C:\Windows\System32\rasadhlp.dll
0x00007ff9a8460000 - 0x00007ff9a84e6000 	C:\WINDOWS\System32\fwpuclnt.dll
0x00007ff984600000 - 0x00007ff984609000 	C:\Program Files\Java\jdk-18.0.2.1\bin\management.dll
0x00007ff9843b0000 - 0x00007ff9843bb000 	C:\Program Files\Java\jdk-18.0.2.1\bin\management_ext.dll
0x00007ff9af5c0000 - 0x00007ff9af5db000 	C:\WINDOWS\SYSTEM32\CRYPTSP.dll
0x00007ff9aebf0000 - 0x00007ff9aec2a000 	C:\WINDOWS\system32\rsaenh.dll
0x00007ff9af280000 - 0x00007ff9af2ab000 	C:\WINDOWS\SYSTEM32\USERENV.dll
0x00007ff9afcd0000 - 0x00007ff9afcf6000 	C:\WINDOWS\SYSTEM32\bcrypt.dll
0x00007ff9af420000 - 0x00007ff9af42c000 	C:\WINDOWS\SYSTEM32\CRYPTBASE.dll
0x00007ff9a8820000 - 0x00007ff9a883f000 	C:\WINDOWS\SYSTEM32\dhcpcsvc6.DLL
0x00007ff9a87f0000 - 0x00007ff9a8815000 	C:\WINDOWS\SYSTEM32\dhcpcsvc.DLL
0x00007ff9856d0000 - 0x00007ff9856e8000 	C:\WINDOWS\system32\napinsp.dll
0x00007ff9856b0000 - 0x00007ff9856c2000 	C:\WINDOWS\System32\winrnr.dll
0x00007ff985670000 - 0x00007ff9856a0000 	C:\WINDOWS\system32\nlansp_c.dll
0x00007ff9a9210000 - 0x00007ff9a9230000 	C:\WINDOWS\system32\wshbth.dll
0x00007ff99c3a0000 - 0x00007ff99c3ee000 	C:\WINDOWS\SYSTEM32\pdh.dll
0x00007ff9a0550000 - 0x00007ff9a0562000 	C:\WINDOWS\System32\perfproc.dll
0x00007ff990c90000 - 0x00007ff990ca1000 	C:\WINDOWS\System32\perfos.dll
0x00007ff9ad130000 - 0x00007ff9ad142000 	C:\WINDOWS\SYSTEM32\pfclient.dll
0x00007ff97c8d0000 - 0x00007ff97c915000 	C:\Users\Ozzi\AppData\Local\Temp\jna-2474618\jna13960402290803912224.dll
0x00007ff979cf0000 - 0x00007ff979d82000 	C:\Program Files\NVIDIA GPU Computing Toolkit\CUDA\v12.8\bin\cudart64_12.dll
0x00007ff943ab0000 - 0x00007ff943e80000 	C:\WINDOWS\SYSTEM32\nvcuda.dll
0x00007ff9ad150000 - 0x00007ff9ad19d000 	C:\WINDOWS\SYSTEM32\dxcore.dll
0x00007ff8cf780000 - 0x00007ff8d1845000 	C:\WINDOWS\system32\DriverStore\FileRepository\nv_dispi.inf_amd64_2c61c4d89b199ea8\nvcuda64.dll
0x00007ff9af620000 - 0x00007ff9af633000 	C:\WINDOWS\SYSTEM32\msasn1.dll
0x00007ff9a70c0000 - 0x00007ff9a70fb000 	C:\WINDOWS\SYSTEM32\cryptnet.dll
0x00007ff9b0090000 - 0x00007ff9b0207000 	C:\WINDOWS\System32\CRYPT32.dll
0x00007ff9af4c0000 - 0x00007ff9af523000 	C:\WINDOWS\SYSTEM32\wldp.dll
0x00007ff9a6e70000 - 0x00007ff9a6fec000 	C:\WINDOWS\SYSTEM32\drvstore.dll
0x00007ff9afa50000 - 0x00007ff9afa7d000 	C:\WINDOWS\SYSTEM32\devobj.dll
0x00007ff9afa80000 - 0x00007ff9afad7000 	C:\WINDOWS\SYSTEM32\cfgmgr32.dll
0x00007ff9a3990000 - 0x00007ff9a3f11000 	C:\WINDOWS\SYSTEM32\nvapi64.dll
0x00007ff9b2710000 - 0x00007ff9b2b96000 	C:\WINDOWS\System32\SETUPAPI.dll
0x00007ff9b0ea0000 - 0x00007ff9b103e000 	C:\WINDOWS\System32\ole32.dll
0x00007ff94efa0000 - 0x00007ff94f035000 	C:\WINDOWS\System32\DriverStore\FileRepository\nv_dispi.inf_amd64_2c61c4d89b199ea8\nvdxgdmal64.dll
0x00007ff97fdf0000 - 0x00007ff97fdfe000 	C:\Program Files\Java\jdk-18.0.2.1\bin\sunmscapi.dll
0x00007ff9af710000 - 0x00007ff9af740000 	C:\WINDOWS\SYSTEM32\ncrypt.dll
0x00007ff9af6c0000 - 0x00007ff9af6ff000 	C:\WINDOWS\SYSTEM32\NTASN1.dll
0x0000018e07e90000 - 0x0000018e07e93000 	C:\Users\Ozzi\.djl.ai\tensorflow\2.16.1-cpu-win-x86_64\api-ms-win-crt-locale-l1-1-0.dll
0x0000018e34a80000 - 0x0000018e34a84000 	C:\Users\Ozzi\.djl.ai\tensorflow\2.16.1-cpu-win-x86_64\api-ms-win-crt-string-l1-1-0.dll
0x0000018e34aa0000 - 0x0000018e34aa4000 	C:\Users\Ozzi\.djl.ai\tensorflow\2.16.1-cpu-win-x86_64\api-ms-win-crt-stdio-l1-1-0.dll
0x0000018e34ab0000 - 0x0000018e34ab5000 	C:\Users\Ozzi\.djl.ai\tensorflow\2.16.1-cpu-win-x86_64\api-ms-win-crt-math-l1-1-0.dll
0x0000018e34ac0000 - 0x0000018e34ac3000 	C:\Users\Ozzi\.djl.ai\tensorflow\2.16.1-cpu-win-x86_64\api-ms-win-crt-heap-l1-1-0.dll
0x0000018e34ad0000 - 0x0000018e34ad4000 	C:\Users\Ozzi\.djl.ai\tensorflow\2.16.1-cpu-win-x86_64\api-ms-win-crt-runtime-l1-1-0.dll
0x0000018e34af0000 - 0x0000018e34af4000 	C:\Users\Ozzi\.djl.ai\tensorflow\2.16.1-cpu-win-x86_64\api-ms-win-crt-convert-l1-1-0.dll
0x0000018e34b00000 - 0x0000018e34b03000 	C:\Users\Ozzi\.djl.ai\tensorflow\2.16.1-cpu-win-x86_64\api-ms-win-crt-environment-l1-1-0.dll
0x0000018e34b10000 - 0x0000018e34b13000 	C:\Users\Ozzi\.djl.ai\tensorflow\2.16.1-cpu-win-x86_64\api-ms-win-crt-time-l1-1-0.dll
0x0000018e34b20000 - 0x0000018e34b23000 	C:\Users\Ozzi\.djl.ai\tensorflow\2.16.1-cpu-win-x86_64\api-ms-win-crt-filesystem-l1-1-0.dll
0x0000018e34b30000 - 0x0000018e34b33000 	C:\Users\Ozzi\.djl.ai\tensorflow\2.16.1-cpu-win-x86_64\api-ms-win-crt-utility-l1-1-0.dll
0x0000018e34b40000 - 0x0000018e34b45000 	C:\Users\Ozzi\.djl.ai\tensorflow\2.16.1-cpu-win-x86_64\api-ms-win-crt-multibyte-l1-1-0.dll
0x0000018e34b60000 - 0x0000018e34b63000 	C:\Program Files (x86)\Windows Kits\10\Redist\ucrt\DLLs\x64\api-ms-win-crt-conio-l1-1-0.dll
0x0000018e34b70000 - 0x0000018e34b7f000 	C:\Program Files (x86)\Windows Kits\10\Redist\ucrt\DLLs\x64\api-ms-win-crt-private-l1-1-0.dll
0x0000018e34b80000 - 0x0000018e34b83000 	C:\Program Files (x86)\Windows Kits\10\Redist\ucrt\DLLs\x64\api-ms-win-crt-process-l1-1-0.dll
0x0000018e34b90000 - 0x0000018e34b93000 	C:\Program Files\Java\jdk-18.0.2.1\bin\api-ms-win-core-console-l1-2-0.dll
0x0000018e34ba0000 - 0x0000018e34ba3000 	C:\Users\Ozzi\.djl.ai\tensorflow\2.16.1-cpu-win-x86_64\api-ms-win-core-string-l1-1-0.dll
0x0000018e34bb0000 - 0x0000018e34bb3000 	C:\Users\Ozzi\.djl.ai\tensorflow\2.16.1-cpu-win-x86_64\api-ms-win-core-errorhandling-l1-1-0.dll
0x0000018e34bc0000 - 0x0000018e34bc3000 	C:\Users\Ozzi\.djl.ai\tensorflow\2.16.1-cpu-win-x86_64\api-ms-win-core-timezone-l1-1-0.dll
0x0000018e34bd0000 - 0x0000018e34bd4000 	C:\Users\Ozzi\.djl.ai\tensorflow\2.16.1-cpu-win-x86_64\api-ms-win-core-file-l1-1-0.dll
0x0000018e34be0000 - 0x0000018e34be3000 	C:\Users\Ozzi\.djl.ai\tensorflow\2.16.1-cpu-win-x86_64\api-ms-win-core-namedpipe-l1-1-0.dll
0x0000018e34bf0000 - 0x0000018e34bf3000 	C:\Users\Ozzi\.djl.ai\tensorflow\2.16.1-cpu-win-x86_64\api-ms-win-core-handle-l1-1-0.dll
0x0000018e3ae20000 - 0x0000018e3ae23000 	C:\Users\Ozzi\.djl.ai\tensorflow\2.16.1-cpu-win-x86_64\api-ms-win-core-file-l2-1-0.dll
0x0000018e3ae30000 - 0x0000018e3ae33000 	C:\Users\Ozzi\.djl.ai\tensorflow\2.16.1-cpu-win-x86_64\api-ms-win-core-heap-l1-1-0.dll
0x0000018e3ae40000 - 0x0000018e3ae43000 	C:\Users\Ozzi\.djl.ai\tensorflow\2.16.1-cpu-win-x86_64\api-ms-win-core-libraryloader-l1-1-0.dll
0x0000018e3ae50000 - 0x0000018e3ae53000 	C:\Users\Ozzi\.djl.ai\tensorflow\2.16.1-cpu-win-x86_64\api-ms-win-core-synch-l1-1-0.dll
0x0000018e3ae60000 - 0x0000018e3ae63000 	C:\Users\Ozzi\.djl.ai\tensorflow\2.16.1-cpu-win-x86_64\api-ms-win-core-processthreads-l1-1-0.dll
0x0000018e01230000 - 0x0000018e01233000 	C:\Users\Ozzi\.djl.ai\tensorflow\2.16.1-cpu-win-x86_64\api-ms-win-core-processenvironment-l1-1-0.dll
0x0000018e01240000 - 0x0000018e01243000 	C:\Users\Ozzi\.djl.ai\tensorflow\2.16.1-cpu-win-x86_64\api-ms-win-core-datetime-l1-1-0.dll
0x0000018e01250000 - 0x0000018e01253000 	C:\Users\Ozzi\.djl.ai\tensorflow\2.16.1-cpu-win-x86_64\api-ms-win-core-localization-l1-2-0.dll
0x0000018e01260000 - 0x0000018e01263000 	C:\Users\Ozzi\.djl.ai\tensorflow\2.16.1-cpu-win-x86_64\api-ms-win-core-sysinfo-l1-1-0.dll
0x0000018e01270000 - 0x0000018e01273000 	C:\Users\Ozzi\.djl.ai\tensorflow\2.16.1-cpu-win-x86_64\api-ms-win-core-synch-l1-2-0.dll
0x0000018e01280000 - 0x0000018e01283000 	C:\Users\Ozzi\.djl.ai\tensorflow\2.16.1-cpu-win-x86_64\api-ms-win-core-console-l1-1-0.dll
0x0000018e01290000 - 0x0000018e01293000 	C:\Users\Ozzi\.djl.ai\tensorflow\2.16.1-cpu-win-x86_64\api-ms-win-core-debug-l1-1-0.dll
0x0000018e012a0000 - 0x0000018e012a3000 	C:\Users\Ozzi\.djl.ai\tensorflow\2.16.1-cpu-win-x86_64\api-ms-win-core-rtlsupport-l1-1-0.dll
0x0000018e012b0000 - 0x0000018e012b3000 	C:\Users\Ozzi\.djl.ai\tensorflow\2.16.1-cpu-win-x86_64\api-ms-win-core-processthreads-l1-1-1.dll
0x0000018e012c0000 - 0x0000018e012c3000 	C:\Users\Ozzi\.djl.ai\tensorflow\2.16.1-cpu-win-x86_64\api-ms-win-core-file-l1-2-0.dll
0x0000018e012d0000 - 0x0000018e012d3000 	C:\Users\Ozzi\.djl.ai\tensorflow\2.16.1-cpu-win-x86_64\api-ms-win-core-profile-l1-1-0.dll
0x0000018e012e0000 - 0x0000018e012e3000 	C:\Users\Ozzi\.djl.ai\tensorflow\2.16.1-cpu-win-x86_64\api-ms-win-core-memory-l1-1-0.dll
0x0000018e012f0000 - 0x0000018e012f3000 	C:\Users\Ozzi\.djl.ai\tensorflow\2.16.1-cpu-win-x86_64\api-ms-win-core-util-l1-1-0.dll

dbghelp: loaded successfully - version: 4.0.5 - missing functions: none
symbol engine: initialized successfully - sym options: 0x614 - pdb path: .;C:\Program Files\Java\jdk-18.0.2.1\bin;C:\WINDOWS\SYSTEM32;C:\WINDOWS\WinSxS\amd64_microsoft.windows.common-controls_6595b64144ccf1df_6.0.26100.4202_none_3e0698d4e335f517;C:\Program Files\Java\jdk-18.0.2.1\bin\server;C:\Users\Ozzi\AppData\Local\Temp\jna-2474618;C:\Program Files\NVIDIA GPU Computing Toolkit\CUDA\v12.8\bin;C:\WINDOWS\system32\DriverStore\FileRepository\nv_dispi.inf_amd64_2c61c4d89b199ea8;C:\Users\Ozzi\.djl.ai\tensorflow\2.16.1-cpu-win-x86_64;C:\Program Files (x86)\Windows Kits\10\Redist\ucrt\DLLs\x64;C:\Users\Ozzi\.javacpp\cache\tensorflow-core-native-1.0.0-windows-x86_64.jar\org\tensorflow\internal\c_api\windows-x86_64

VM Arguments:
jvm_args: -javaagent:C:\Program Files\JetBrains\IntelliJ IDEA 2024.3.5\lib\idea_rt.jar=57115 -Dfile.encoding=UTF-8 -Dsun.stdout.encoding=UTF-8 -Dsun.stderr.encoding=UTF-8 --module-path=C:\Users\Ozzi\.m2\repository\org\openjfx\javafx-controls\17.0.6\javafx-controls-17.0.6-win.jar;C:\Users\Ozzi\.m2\repository\org\bytedeco\javacpp\1.5.10\javacpp-1.5.10.jar;C:\Users\Ozzi\.m2\repository\org\projectlombok\lombok\1.18.36\lombok-1.18.36.jar;C:\Users\Ozzi\.m2\repository\org\tensorflow\tensorflow-core-native\1.0.0\tensorflow-core-native-1.0.0.jar;C:\Users\Ozzi\.m2\repository\org\openjfx\javafx-graphics\17.0.6\javafx-graphics-17.0.6-win.jar;C:\Users\Ozzi\.m2\repository\ai\djl\api\0.33.0\api-0.33.0.jar;C:\Users\Ozzi\.m2\repository\org\tensorflow\tensorflow-core-api\1.0.0\tensorflow-core-api-1.0.0.jar;C:\Users\Ozzi\.m2\repository\org\openjfx\javafx-base\17.0.6\javafx-base-17.0.6-win.jar;C:\Users\Ozzi\.m2\repository\org\openjfx\javafx-fxml\17.0.6\javafx-fxml-17.0.6-win.jar;C:\Users\Ozzi\.m2\repository\org\tensorflow\ndarray\1.0.0\ndarray-1.0.0.jar;C:\Users\Ozzi\.m2\repository\com\google\protobuf\protobuf-java\3.21.9\protobuf-java-3.21.9.jar;F:\Documents\GitHub\Hex\target\classes -Djdk.module.main=com.example.hex 
java_command: com.example.hex/com.hex.algorithms.dqn.Driver
java_class_path (initial): C:\Users\Ozzi\.m2\repository\org\openjfx\javafx-controls\17.0.6\javafx-controls-17.0.6.jar;C:\Users\Ozzi\.m2\repository\org\openjfx\javafx-graphics\17.0.6\javafx-graphics-17.0.6.jar;C:\Users\Ozzi\.m2\repository\org\openjfx\javafx-base\17.0.6\javafx-base-17.0.6.jar;C:\Users\Ozzi\.m2\repository\org\openjfx\javafx-fxml\17.0.6\javafx-fxml-17.0.6.jar;C:\Users\Ozzi\.m2\repository\org\tensorflow\tensorflow-core-platform\1.0.0\tensorflow-core-platform-1.0.0.jar;C:\Users\Ozzi\.m2\repository\org\tensorflow\tensorflow-core-native\1.0.0\tensorflow-core-native-1.0.0-linux-x86_64.jar;C:\Users\Ozzi\.m2\repository\org\tensorflow\tensorflow-core-native\1.0.0\tensorflow-core-native-1.0.0-linux-arm64.jar;C:\Users\Ozzi\.m2\repository\org\tensorflow\tensorflow-core-native\1.0.0\tensorflow-core-native-1.0.0-macosx-arm64.jar;C:\Users\Ozzi\.m2\repository\org\tensorflow\tensorflow-core-native\1.0.0\tensorflow-core-native-1.0.0-macosx-x86_64.jar;C:\Users\Ozzi\.m2\repository\org\tensorflow\tensorflow-core-native\1.0.0\tensorflow-core-native-1.0.0-windows-x86_64.jar;C:\Users\Ozzi\.m2\repository\com\google\code\gson\gson\2.13.1\gson-2.13.1.jar;C:\Users\Ozzi\.m2\repository\com\google\errorprone\error_prone_annotations\2.38.0\error_prone_annotations-2.38.0.jar;C:\Users\Ozzi\.m2\repository\net\java\dev\jna\jna\5.14.0\jna-5.14.0.jar;C:\Users\Ozzi\.m2\repository\org\apache\commons\commons-compress\1.27.1\commons-compress-1.27.1.jar;C:\Users\Ozzi\.m2\repository\commons-codec\commons-codec\1.17.1\commons-codec-1.17.1.jar;C:\Users\Ozzi\.m2\repository\commons-io\commons-io\2.16.1\commons-io-2.16.1.jar;C:\Users\Ozzi\.m2\repository\org\slf4j\slf4j-api\2.0.17\slf4j-api-2.0.17.jar;C:\Users\Ozzi\.m2\repository\ai\djl\tensorflow\tensorflow-engine\0.33.0\tensorflow-engine-0.33.0.jar;C:\Users\Ozzi\.m2\repository\ai\djl\tensorflow\tensorflow-api\0.33.0\tensorflow-api-0.33.0.jar;C:\Users\Ozzi\.m2\repository\org\slf4j\slf4j-simple\2.0.17\slf4j-simple-2.0.17.jar
Launcher Type: SUN_STANDARD

[Global flags]
     intx CICompilerCount                          = 12                                        {product} {ergonomic}
     uint ConcGCThreads                            = 3                                         {product} {ergonomic}
     uint G1ConcRefinementThreads                  = 13                                        {product} {ergonomic}
   size_t G1HeapRegionSize                         = 4194304                                   {product} {ergonomic}
    uintx GCDrainStackTargetSize                   = 64                                        {product} {ergonomic}
   size_t InitialHeapSize                          = 524288000                                 {product} {ergonomic}
   size_t MarkStackSize                            = 4194304                                   {product} {ergonomic}
   size_t MaxHeapSize                              = 8359247872                                {product} {ergonomic}
   size_t MaxNewSize                               = 5012193280                                {product} {ergonomic}
   size_t MinHeapDeltaBytes                        = 4194304                                   {product} {ergonomic}
   size_t MinHeapSize                              = 8388608                                   {product} {ergonomic}
    uintx NonNMethodCodeHeapSize                   = 7602480                                {pd product} {ergonomic}
    uintx NonProfiledCodeHeapSize                  = 122027880                              {pd product} {ergonomic}
    uintx ProfiledCodeHeapSize                     = 122027880                              {pd product} {ergonomic}
    uintx ReservedCodeCacheSize                    = 251658240                              {pd product} {ergonomic}
     bool SegmentedCodeCache                       = true                                      {product} {ergonomic}
   size_t SoftMaxHeapSize                          = 8359247872                             {manageable} {ergonomic}
     bool UseCompressedClassPointers               = true                           {product lp64_product} {ergonomic}
     bool UseCompressedOops                        = true                           {product lp64_product} {ergonomic}
     bool UseG1GC                                  = true                                      {product} {ergonomic}
     bool UseLargePagesIndividualAllocation        = false                                  {pd product} {ergonomic}

Logging:
Log output configuration:
 #0: stdout all=warning uptime,level,tags foldmultilines=false
 #1: stderr all=off uptime,level,tags foldmultilines=false

Environment Variables:
PATH=C:\Program Files\NVIDIA GPU Computing Toolkit\CUDA\v12.8\bin;C:\Program Files\NVIDIA GPU Computing Toolkit\CUDA\v12.8\libnvvp;C:\Program Files\Common Files\Oracle\Java\javapath;C:\Program Files\Python313\Scripts\;C:\Program Files\Python313\;C:\WINDOWS\system32;C:\WINDOWS;C:\WINDOWS\System32\Wbem;C:\WINDOWS\System32\WindowsPowerShell\v1.0\;C:\WINDOWS\System32\OpenSSH\;C:\Program Files\NVIDIA Corporation\NVIDIA app\NvDLISR;C:\Program Files (x86)\NVIDIA Corporation\PhysX\Common;C:\Program Files\WireGuard\;C:\Program Files\Git\cmd;C:\Program Files\dotnet\;C:\Program Files\Microsoft VS Code\bin;C:\Program Files\NVIDIA Corporation\Nsight Compute 2025.1.1\;C:\Program Files (x86)\WS4W\;C:\Program Files\Microsoft SQL Server\150\Tools\Binn\;C:\Program Files\Microsoft SQL Server\Client SDK\ODBC\170\Tools\Binn\;C:\Program Files (x86)\Windows Kits\10\Windows Performance Toolkit\;C:\ProgramData\chocolatey\bin;C:\ProgramData\chocolatey\lib\mpvio.install\tools;C:\Program Files\NVIDIA GPU Computing Toolkit\CUDA\v12.8\bin;C:\Program Files\NVIDIA GPU Computing Toolkit\CUDA\v12.8\libnvvp;C:\Program Files\Common Files\Oracle\Java\javapath;C:\Program Files\Python313\Scripts\;C:\Program Files\Python313\;C:\WINDOWS\system32;C:\WINDOWS;C:\WINDOWS\System32\Wbem;C:\WINDOWS\System32\WindowsPowerShell\v1.0\;C:\WINDOWS\System32\OpenSSH\;C:\Program Files\NVIDIA Corporation\NVIDIA app\NvDLISR;C:\Program Files (x86)\NVIDIA Corporation\PhysX\Common;C:\Program Files\WireGuard\;C:\Program Files\Git\cmd;C:\Program Files\dotnet\;C:\Program Files\Microsoft VS Code\bin;C:\Program Files\NVIDIA Corporation\Nsight Compute 2025.1.1\;C:\Program Files (x86)\WS4W\;C:\Program Files\Microsoft SQL Server\150\Tools\Binn\;C:\Program Files\Microsoft SQL Server\Client SDK\ODBC\170\Tools\Binn\;C:\Program Files (x86)\Windows Kits\10\Windows Performance Toolkit\;C:\ProgramData\chocolatey\bin;C:\ProgramData\chocolatey\lib\mpvio.install\tools;C:\Users\Ozzi\Miniconda3;C:\Users\Ozzi\Miniconda3\Scripts;C:\Users\Ozzi\AppData\Local\Programs\cursor\resources\app\bin;C:\Users\Ozzi\AppData\Local\GitHubDesktop\bin;C:\Users\Ozzi\.dotnet\tools
USERNAME=Ozzi
OS=Windows_NT
PROCESSOR_IDENTIFIER=AMD64 Family 26 Model 68 Stepping 0, AuthenticAMD



---------------  S Y S T E M  ---------------

OS:
 Windows 11 , 64 bit Build 26100 (10.0.26100.4202)
OS uptime: 7 days 4:35 hours
Hyper-V role detected

CPU: total 16 (initial active 16) (16 cores per cpu, 2 threads per core) family 26 model 68 stepping 0 microcode 0xb404022, cx8, cmov, fxsr, ht, mmx, 3dnowpref, sse, sse2, sse3, ssse3, sse4a, sse4.1, sse4.2, popcnt, lzcnt, tsc, tscinvbit, avx, avx2, aes, erms, clmul, bmi1, bmi2, adx, avx512f, avx512dq, avx512cd, avx512bw, avx512vl, sha, fma, vzeroupper, avx512_vpopcntdq, avx512_vpclmulqdq, avx512_vaes, avx512_vnni, clflush, clflushopt, avx512_vbmi2, avx512_vbmi, hv

Memory: 4k page, system-wide physical 31887M (4988M free)
TotalPageFile size 60628M (AvailPageFile size 3108M)
current process WorkingSet (physical memory assigned to process): 199M, peak: 232M
current process commit charge ("private bytes"): 313M, peak: 759M

vm_info: Java HotSpot(TM) 64-Bit Server VM (18.0.2.1+1-1) for windows-amd64 JRE (18.0.2.1+1-1), built on Aug 16 2022 01:46:33 by "mach5one" with MS VC++ 16.8 / 16.9 (VS2019)

END.
